[2026-10-07 15:29:38] e0-smoke: launching attempt 1 on T4 as session e0-smoke-1
[2026-10-07 15:30:14] e0-smoke: running
[2026-10-07 15:30:31] watch: balance=501.29 rate=6.37/h active=['e0-smoke'] ended=[]
[2026-10-07 15:31:51] watch: balance=501.29 rate=6.37/h active=['e0-smoke'] ended=[]
[2026-10-07 15:33:09] watch: balance=501.29 rate=6.37/h active=['e0-smoke'] ended=[]
[2026-10-07 15:34:16] e0-smoke: status failed #1 (session listed=False): no result from exec on e0-smoke-1 (rc=1):
[colab] Session 'e0-smoke-1' not found.

[2026-10-07 15:34:20] e0-smoke: launching attempt 2 on T4 as session e0-smoke-2
[2026-10-07 15:34:39] e0-smoke: pushing local last.pt (40 MB) for resume
[2026-10-07 15:35:25] e0-smoke: running
[2026-10-07 15:35:25] watch: balance=500.85 rate=5.3/h active=['e0-smoke'] ended=[]
[2026-10-07 15:36:48] watch: balance=500.85 rate=6.37/h active=['e0-smoke'] ended=[]
[2026-10-07 15:38:06] watch: balance=500.85 rate=6.37/h active=['e0-smoke'] ended=[]
[2026-10-07 15:39:26] watch: balance=500.41 rate=6.37/h active=['e0-smoke'] ended=[]
[2026-10-07 15:40:52] e0-smoke: finished with status done; stopping VM
[2026-10-07 15:40:55] watch: balance=500.32 rate=6.37/h active=['e0-smoke'] ended=[('e0-smoke', 'done')]
[2026-10-07 15:41:25] e0-smoke-g4: launching attempt 1 on G4 as session e0-smoke-g4-1
[2026-10-07 15:42:05] e0-smoke-g4: running
[2026-10-07 15:42:23] watch: balance=500.32 rate=14.2/h active=['e0-smoke-g4'] ended=[]
[2026-10-07 15:43:46] watch: balance=500.32 rate=14.2/h active=['e0-smoke-g4'] ended=[]
[2026-10-07 15:45:07] watch: balance=499.88 rate=14.2/h active=['e0-smoke-g4'] ended=[]
[2026-10-07 15:46:14] e0-smoke-g4: status failed #1 (session listed=False): no result from exec on e0-smoke-g4-1 (rc=1):
[colab] Session 'e0-smoke-g4-1' not found.

[2026-10-07 15:46:18] e0-smoke-g4: launching attempt 2 on G4 as session e0-smoke-g4-2
[2026-10-07 15:46:41] e0-smoke-g4: restoring 4 synced files (40 MB) for resume
[2026-10-07 15:47:58] e0-smoke-g4: running
[2026-10-07 15:47:58] watch: balance=499.4 rate=5.3/h active=['e0-smoke-g4'] ended=[]
[2026-10-07 15:49:22] watch: balance=499.4 rate=14.2/h active=['e0-smoke-g4'] ended=[]
[2026-10-07 15:50:47] e0-smoke-g4: finished with status done; stopping VM
[2026-10-07 15:50:50] watch: balance=498.46 rate=14.2/h active=['e0-smoke-g4'] ended=[('e0-smoke-g4', 'done')]
[2026-10-07 16:38:27] e1-yolo26s-dota-24e: launching attempt 1 on G4 as session e1-yolo26s-dota-24e-1
[2026-10-07 16:39:20] e1-yolo26s-dota-24e: running
[2026-10-07 16:39:54] watch: balance=491.85 rate=19.5/h active=['e1-yolo26s-dota-24e'] ended=[]
[2026-10-07 16:50:29] watch: balance=490.36 rate=14.2/h active=['e1-yolo26s-dota-24e'] ended=[]
[2026-10-07 16:55:01] e1-vrdet-smoke-t4: launching attempt 1 on T4 as session e1-vrdet-smoke-t4-1
[2026-10-07 16:55:39] e1-vrdet-smoke-t4: running
[2026-10-07 16:58:23] e1-vrdet-smoke-t4: status failed #1 (session listed=True): Command '['C:\\Users\\HP\\.local\\bin\\colab.EXE', 'exec', '-s', 'e1-vrdet-smoke-t4-1']' timed out after 150 seconds
[2026-10-07 16:58:52] watch: balance=488.43 rate=15.27/h active=['e1-vrdet-smoke-t4', 'e1-yolo26s-dota-24e'] ended=[]
[2026-10-07 17:02:21] e1-vrdet-smoke-t4: finished with status done; stopping VM
[2026-10-07 17:02:52] watch: balance=487.16 rate=15.27/h active=['e1-vrdet-smoke-t4', 'e1-yolo26s-dota-24e'] ended=[('e1-vrdet-smoke-t4', 'done')]
[2026-10-07 17:02:55] e1-vrdet-s-dota-24e: launching attempt 1 on G4 as session e1-vrdet-s-dota-24e-1
[2026-10-07 17:12:52] e1-vrdet-s-dota-24e: running
[2026-10-07 17:13:34] e1-vrdet-s-dota-24e: finished with status failed_died; stopping VM
[2026-10-07 17:14:07] watch: balance=483.36 rate=28.4/h active=['e1-vrdet-s-dota-24e', 'e1-yolo26s-dota-24e'] ended=[('e1-vrdet-s-dota-24e', 'failed_died')]
[2026-10-07 17:14:11] e1-vrdet-s-dota-24e: launching attempt 2 on G4 as session e1-vrdet-s-dota-24e-2
[2026-10-07 17:14:34] e1-vrdet-s-dota-24e: restoring 1 synced files (0 MB) for resume
[2026-10-07 17:15:04] e1-vrdet-s-dota-24e: running
[2026-10-07 17:15:49] watch: balance=481.68 rate=23.1/h active=['e1-vrdet-s-dota-24e', 'e1-yolo26s-dota-24e'] ended=[]
[2026-10-07 17:22:37] e1-yolo26s-dota-24e: finished with status done; stopping VM
[2026-10-07 17:22:40] watch: balance=479.75 rate=23.1/h active=['e1-vrdet-s-dota-24e', 'e1-yolo26s-dota-24e'] ended=[('e1-yolo26s-dota-24e', 'done')]
[2026-10-07 17:23:26] watch: balance=479.75 rate=14.2/h active=['e1-vrdet-s-dota-24e'] ended=[]
[2026-10-07 17:28:46] e1-vrdet-smoke2-t4: launching attempt 1 on T4 as session e1-vrdet-smoke2-t4-1
[2026-10-07 17:29:15] e1-vrdet-smoke2-t4: running
