[2026-09-22 21:46:01] chua co evidence GPU (kernel v4 RUNNING). Cho watcher 5-phut. Khong dot quota.
[2026-09-22 21:55:24] evidence co 60 dong, 32 dong mAP.
[2026-09-22 21:55:24] EVID: [K                 Class     Images  Instances      Box(P          R      mAP50  mAP50-95): 76% ━━━━━━━━━─── 19/25 2.2it/s 18.1s<2.7s
[2026-09-22 22:14:24] evidence co 9 dong, 3 dong mAP.
[2026-09-22 22:14:24] EVID: ['/kaggle/input/floorplan-vlmdet-train/runs/vlmdet_small/best.pt', '/kaggle/input/floorplan-vlmdet-train/runs/yolo11x/train/weights/best.pt']
[2026-09-22 22:14:24] EVID: W= /kaggle/input/floorplan-vlmdet-train/runs/vlmdet_small/best.pt
[2026-09-22 22:14:24] EVID: wall         AP50(HBB-proxy)=0.040
[2026-09-22 22:14:24] De nghi: so sanh VLMDet-small vs yolo11x cung dieu kien; neu cua hiem/junction hon >=2 diem -> CHOT D4 (base full 16k); nguoc lai -> D1/D2/D3 theo class loi nhat.
[2026-09-22 22:35:59] evidence co 9 dong, 3 dong mAP.
[2026-09-22 22:35:59] EVID: ['/kaggle/input/floorplan-vlmdet-train/runs/vlmdet_small/best.pt', '/kaggle/input/floorplan-vlmdet-train/runs/yolo11x/train/weights/best.pt']
[2026-09-22 22:35:59] EVID: W= /kaggle/input/floorplan-vlmdet-train/runs/vlmdet_small/best.pt
[2026-09-22 22:35:59] EVID: wall         AP50(HBB-proxy)=0.040
[2026-09-22 22:35:59] De nghi: so sanh VLMDet-small vs yolo11x cung dieu kien; neu cua hiem/junction hon >=2 diem -> CHOT D4 (base full 16k); nguoc lai -> D1/D2/D3 theo class loi nhat.
[2026-09-23 02:46:02] evidence co 30 dong, 4 dong mAP.
[2026-09-23 02:46:02] EVID: names: [wall, window, door, slide_door, double_door, opening, junction]
[2026-09-23 02:46:02] EVID: variant=small params=25.33M
[2026-09-23 02:46:02] EVID: saved to /kaggle/working/runs/vlmdet_small2
[2026-09-23 02:46:02] EVID: wall         AP50(HBB-proxy)=0.126
[2026-09-23 02:46:02] De nghi: so sanh VLMDet-small vs yolo11x cung dieu kien; neu cua hiem/junction hon >=2 diem -> CHOT D4 (base full 16k); nguoc lai -> D1/D2/D3 theo class loi nhat.
[2026-09-23 08:30:00] evidence co 30 dong, 4 dong mAP.
[2026-09-23 08:30:00] EVID: names: [wall, window, door, slide_door, double_door, opening, junction]
[2026-09-23 08:30:00] EVID: variant=small params=25.33M
[2026-09-23 08:30:00] EVID: saved to /kaggle/working/runs/vlmdet_small2
[2026-09-23 08:30:00] EVID: wall         AP50(HBB-proxy)=0.126
[2026-09-23 08:30:00] De nghi: so sanh VLMDet-small vs yolo11x cung dieu kien; neu cua hiem/junction hon >=2 diem -> CHOT D4 (base full 16k); nguoc lai -> D1/D2/D3 theo class loi nhat.
[2026-09-23 08:32:12] evidence co 30 dong, 4 dong mAP.
[2026-09-23 08:32:12] EVID: names: [wall, window, door, slide_door, double_door, opening, junction]
[2026-09-23 08:32:12] EVID: variant=small params=25.33M
[2026-09-23 08:32:12] EVID: saved to /kaggle/working/runs/vlmdet_small2
[2026-09-23 08:32:12] EVID: wall         AP50(HBB-proxy)=0.126
[2026-09-23 08:32:12] De nghi: so sanh VLMDet-small vs yolo11x cung dieu kien; neu cua hiem/junction hon >=2 diem -> CHOT D4 (base full 16k); nguoc lai -> D1/D2/D3 theo class loi nhat.
[2026-09-23 08:56:13] evidence co 38 dong, 7 dong mAP.
[2026-09-23 08:56:13] EVID: W= ['/kaggle/input/floorplan-vlmdet-train/runs/vlmdet_small2/best.pt']
[2026-09-23 08:56:13] EVID: wall         AP50(HBB-proxy)=0.126 npred=72301 ngt=13584
[2026-09-23 08:56:13] EVID: wall         AP50(HBB-proxy)=0.150 npred=66008 ngt=13584
[2026-09-23 08:56:13] EVID: wall         AP50(HBB-proxy)=0.126 npred=71073 ngt=13584
[2026-09-23 08:56:13] EVID: wall         AP50(HBB-proxy)=0.150 npred=63571 ngt=13584
[2026-09-23 08:56:13] EVID: wall         AP50(HBB-proxy)=0.126 npred=69501 ngt=13584
[2026-09-23 08:56:13] EVID: wall         AP50(HBB-proxy)=0.150 npred=61105 ngt=13584
[2026-09-23 08:56:13] De nghi: so sanh VLMDet-small vs yolo11x cung dieu kien; neu cua hiem/junction hon >=2 diem -> CHOT D4 (base full 16k); nguoc lai -> D1/D2/D3 theo class loi nhat.
[2026-09-23 09:16:58] evidence co 38 dong, 7 dong mAP.
[2026-09-23 09:16:58] EVID: W= ['/kaggle/input/floorplan-vlmdet-train/runs/vlmdet_small2/best.pt']
[2026-09-23 09:16:58] EVID: wall         AP50(HBB-proxy)=0.126 npred=72301 ngt=13584
[2026-09-23 09:16:58] EVID: wall         AP50(HBB-proxy)=0.150 npred=66008 ngt=13584
[2026-09-23 09:16:58] EVID: wall         AP50(HBB-proxy)=0.126 npred=71073 ngt=13584
[2026-09-23 09:16:58] EVID: wall         AP50(HBB-proxy)=0.150 npred=63571 ngt=13584
[2026-09-23 09:16:58] EVID: wall         AP50(HBB-proxy)=0.126 npred=69501 ngt=13584
[2026-09-23 09:16:58] EVID: wall         AP50(HBB-proxy)=0.150 npred=61105 ngt=13584
[2026-09-23 09:16:58] De nghi: so sanh VLMDet-small vs yolo11x cung dieu kien; neu cua hiem/junction hon >=2 diem -> CHOT D4 (base full 16k); nguoc lai -> D1/D2/D3 theo class loi nhat.
[v8-running] Khung ablation H2 xong local: small full 25.33M / noreason 20.89M / nogcam 24.38M, forward OK, fix UserWarning loss stats. Staged cho dataset tiep theo. Cho v8 de quyet v9.
[2026-09-23 13:11:39] evidence co 29 dong, 3 dong mAP.
[2026-09-23 13:11:39] EVID: variant=small params=25.33M
[2026-09-23 13:11:39] EVID: saved to /kaggle/working/runs/vlmdet_small3
[2026-09-23 13:11:39] EVID: wall         AP50(HBB-proxy)=0.125 npred=68513 ngt=13584
[2026-09-23 13:11:39] De nghi: so sanh VLMDet-small vs yolo11x cung dieu kien; neu cua hiem/junction hon >=2 diem -> CHOT D4 (base full 16k); nguoc lai -> D1/D2/D3 theo class loi nhat.
[2026-09-23 13:45:45] evidence co 29 dong, 3 dong mAP.
[2026-09-23 13:45:45] EVID: variant=small params=25.33M
[2026-09-23 13:45:45] EVID: saved to /kaggle/working/runs/vlmdet_small3
[2026-09-23 13:45:45] EVID: wall         AP50(HBB-proxy)=0.125 npred=68513 ngt=13584
[2026-09-23 13:45:45] De nghi: so sanh VLMDet-small vs yolo11x cung dieu kien; neu cua hiem/junction hon >=2 diem -> CHOT D4 (base full 16k); nguoc lai -> D1/D2/D3 theo class loi nhat.
[2026-09-24 09:07:25] evidence co 28 dong, 2 dong mAP.
[2026-09-24 09:07:25] EVID: variant=small ablate=noreason params=20.89M
[2026-09-24 09:07:25] EVID: wall         AP50(HBB-proxy)=0.115 npred=70515 ngt=13584
[2026-09-24 09:07:25] De nghi: so sanh VLMDet-small vs yolo11x cung dieu kien; neu cua hiem/junction hon >=2 diem -> CHOT D4 (base full 16k); nguoc lai -> D1/D2/D3 theo class loi nhat.
[2026-09-24 14:13:00] evidence co 29 dong, 3 dong mAP.
[2026-09-24 14:13:00] EVID: variant=small ablate=None params=25.33M
[2026-09-24 14:13:00] EVID: saved to /kaggle/working/runs/vlmdet_small4
[2026-09-24 14:13:00] EVID: wall         AP50(HBB-proxy)=0.122 npred=71740 ngt=13584
[2026-09-24 14:13:00] De nghi: so sanh VLMDet-small vs yolo11x cung dieu kien; neu cua hiem/junction hon >=2 diem -> CHOT D4 (base full 16k); nguoc lai -> D1/D2/D3 theo class loi nhat.
[2026-09-24 15:42:44] evidence co 21 dong, 5 dong mAP.
[2026-09-24 15:42:45] EVID: W= ['/kaggle/input/floorplan-vlmdet-train/runs/vlmdet_small4/best.pt']
[2026-09-24 15:42:45] EVID: ### /kaggle/input/floorplan-vlmdet-train/runs/vlmdet_small4/best.pt
[2026-09-24 15:42:45] EVID: wall         AP50(HBB-proxy)=0.122 npred=74024 ngt=13584
[2026-09-24 15:42:45] EVID: wall         AP50(HBB-proxy)=0.122 npred=73631 ngt=13584
[2026-09-24 15:42:45] EVID: wall         AP50(HBB-proxy)=0.122 npred=72705 ngt=13584
[2026-09-24 15:42:45] De nghi: so sanh VLMDet-small vs yolo11x cung dieu kien; neu cua hiem/junction hon >=2 diem -> CHOT D4 (base full 16k); nguoc lai -> D1/D2/D3 theo class loi nhat.
[2026-10-07 15:51] e0-smoke(T4)+e0-smoke-g4(G4) status=done result=framework OK: sync, VM-death resume (metrics history kept), auto-stop cu=~4 next=E0 data+evaluator+YOLO26 baseline
[2026-10-07 17:02] e1-vrdet-smoke-t4 status=done result=VRDet-S on synthetic rotated rectangles (256 train/32 val, 384px, 30ep, T4 fp32): val mAP50 1.000 mAP50:95 0.948 -> pipeline (rotated FDR, Chamfer/KLD matching, MAL, merge, eval) works on Linux/CUDA; CPU crash is a Windows torch-2.12 multithread issue only cu=~0.2 next=launch e1-vrdet-s-dota-24e (G4)
[2026-10-07 17:22] e1-yolo26s-dota-24e status=done result=val mAP50 74.77 mAP50:95 49.49 (DOTA devkit protocol, merged 458 imgs; 24ep SS 1024/200 train-only, COCO init, Ultralytics default hyp, last.pt); weak: BR 52.2 HC 53.4 SP 66.4 GTF 67.3 BC 69.0 RA 69.6; train ~0.6h at 185 img/s, 42GB cu=~7 next=wait e1-vrdet-s-dota-24e (same conditions)
[2026-10-07 18:05] e1-vrdet-smoke2-t4 status=done result=all options (context, dense, strip, ortho, probiou, rotate, mosaic) on synthetic: no NaN after fixes; dec mAP50 100.0 (50:95 81.3), dense-only 90.7; first attempt diverged (dense NaN: ProbIoU sqrt(det) + atan2 near origin) -> fixed cu=~0.6 next=E2 runs (ctx, strip running; dense, dq queued)
[2026-10-07 18:30] profile (A100, VRDet-S bs16 1024, base cfg, profiler on): 0.775 s/it; GPU: BatchNorm fwd+bwd ~42%, dtype/layout copies 15%, conv bwd 12%, grid_sample bwd 2%; CPU: cudaStreamSynchronize 21.6% (per-step float() of ~40 losses), kernel launches 16%. Dense head +20%. -> added --channels-last, --compile, sync-free logging for next runs
[2026-10-07 19:20] e1-vrdet-s-dota-24e status=done result=val mAP50 69.89 mAP50:95 46.13 (YOLO26s 74.77/49.49) FAIL(-4.9); parity on PL/LV/TC/ST/HA, GTF +1.4; losses on rare classes (HC -15.9 SBF -13.9 RA -9.6 BD -7.3 BC -6.3, recall similar -> ranking/classification: O2O = 1 positive/object) and small dense (SV -4.3 recall 88 vs 94, SP -9.1); latency 9.4 ms pt fp16 cu=~19 (2 attempts) next=keep E2 (H4 targets exactly this); add seed-1 replicate with --channels-last --compile to measure noise + speedup
[2026-10-07 19:57] e2-h3-strip-s status=done result=val mAP50 69.76 (-0.13 vs E1b) 50:95 +0.49; SBF +3.9 BD +1.7 LV +1.2 but HC -6.1 BC -2.5 GTF -2.4 -> inconclusive (noise level) cu=~19 next=keep as option, re-test in combined config if budget
[2026-10-07 19:57] e2-h6-ctx-s status=done result=val mAP50 67.96 (-1.93) 50:95 -1.40; HC -20.7 BC -6.6 GTF -5.5, SBF +6.7 RA +1.6; design flaw found (shared backbone BN running stats polluted by thumbnail batches) -> rejected as run, fixed version queued (e3-ctx-fix-s) cu=~19 next=e3-ctx-fix-s, e3-rfs-s
[2026-10-07 20:35] BUG found: --compile monkeypatched backbone/encoder forward BEFORE the EMA deepcopy -> EMA eval called the live training-mode backbone/encoder (seed1 identical train losses but sub-mAP 53.5/56.9/59.8 vs 61.2/65.2/67.3). Training itself unaffected, EMA weights in last.pt correct. Fix: compile after EMA creation (+ --eval-only mode). Stopped and resumed e1-vrdet-s-seed1, e3-ctx-fix-s, e3-rfs-s with the fix; their earlier sub_mAP lines are invalid.
[2026-10-07 21:13] infra: both A100 VMs (dense, dq) lost ~21:03 (Colab reclaim); resumes hit (1) HTTP 500 uploading into missing subdirs -> job.py now mkdirs before restore, (2) shared .bundle.tar.gz race between concurrent launches -> per-job bundle. Both resumed from last.pt.
[2026-10-07 21:18] e1-vrdet-s-seed1 status=done result=val mAP50 70.10 (+0.21 vs E1b 69.89) 50:95 46.27; per-class swings up to +-2.5 -> seed noise ~+-0.2 mAP50 (1 sample); speed opts (channels_last+compile) keep accuracy, 86 img/s vs 60 (x1.43); fixed EMA eval confirmed cu=~16 (incl. resume overhead) next=baseline ref = 70.0; strip -0.13 = noise; ctx(buggy) -1.93 = real
[2026-10-07 21:45] e2-h4c-dq-s status=stopped (user cost concern) result=sub-mAP50 e6 59.6 / e12 62.7 vs baseline 61.2 / 65.2 (-1.6/-2.5, consistent) -> H4c REJECTED early cu=~13 next=policy: G4 only (A100 ~1.9x more CU per trained image here), max 3 concurrent, stop runs early when 2 checkpoints are clearly below baseline
[2026-10-07 21:46] e4-fpc-yolo26s-24e status=done result=FloorPlanCAD val (810 drawings, 30 thing classes, OBB) mAP50 78.51 mAP50:95 70.54; weak: bay-window 43.2, opening-symbol 44.3, table 69.1, escalator 71.0 (semantic/context classes) cu=~6 next=e4-fpc-vrdet-s-24e (queued after YOLO26x)
[2026-10-07 21:57] e3-ctx-fix-s status=done result=val mAP50 69.71 (-0.18) 50:95 +0.29; context classes up (SBF +5.4 SP +4.5 RA +2.6 GTF +2.6 BD +2.5 BC +2.1) but HC -19.3 (systematic: also -20.7 in buggy run; scene prior airport->plane?); mAP w/o HC 73.39 vs 72.4 (+1.0); frequent-class mAP 76.31 vs 75.9. Gap to YOLO26s is mostly the 5 rare classes (-8.4) vs frequent (-2.9). cu=~16 next=wait RFS; consider ctx+RFS (RFS may protect HC), context dropout
[2026-10-07 21:58] e3-rfs-s status=done result=val mAP50 72.34 (+2.45 vs 69.89; seed noise ~0.2) 50:95 48.17 (+2.04); HC +15.8 RA +7.7 SBF +7.6 BD +3.1 BC +3.0; rare-class mAP 64.90 (base 58.3, YOLO 66.7), frequent 76.07 (unchanged). CONFIRMED. Gap to YOLO26s 24ep: -4.9 -> -2.4 cu=~16 next=e5-rfs-ctx-s (RFS + context + ctx-dropout 0.3)
[2026-10-07 22:22] plan: e6-vrdet-x-dota-24e prepared (VRDet-X, D-FINE-X COCO init, bs8, lr 6e-5, backbone x0.1, RFS); est ~80-85 CU (~8x S compute); launch ~23:30 when a G4 frees, adding context/dense flags if e5-rfs-ctx-s / e2-h4-dense-s confirm. Comparison target: e5-yolo26x-dota-24e (running, ETA 00:45).
[2026-10-07 22:52] e4-fpc-vrdet-s-24e status=done result=FloorPlanCAD val VRDet-S+RFS mAP50 75.96 (YOLO26s 78.51, -2.55) 50:95 65.16 (-5.4); frequent 80.30 vs 83.25; gains bath-tub +11.5 urinal +5.0 single-door +1.5; losses escalator -27 (35 GT) airconditioner -14 bath -7.8 sliding-door -7.4 cu=~11 next=conclusion: DETR core ~2.5 behind YOLO26 at same size/24ep on both datasets -> make the YOLO-style dense branch primary; launch e5-rfs-dense-s (RFS + dense, candidate config for X) while waiting for e2-h4-dense-s fusion numbers
[2026-10-07 23:13] infra: VM losses cluster right after new assignments (21:03, 22:18, 23:05; each time 2-3 running VMs vanished minutes after a 4th session was requested). Added JOB_MAX_SESSIONS=3 cap in drain_queue (counts all live sessions). YOLO26x lost twice with no checkpoint (700 MB chunked download failed mid-way each poll) -> cx.get now resumes a partly fetched snapshot across polls (remote manifest + local chunk dir keyed by sha), 5 tries per chunk. e2-h4-dense-s failed_vm after 4 A100 losses (stopped at ep15; sub-eval +2.1 ep6, +0.4 ep12 vs E1b at 3x train cost); superseded by e5-rfs-dense-s on G4.
[2026-10-07 23:13] decision: e6-vrdet-x-dota-24e queued (user suggested scaling to X; matches plan). Core+RFS only, one variable = capacity. Starts when e5-rfs-ctx-s frees a slot (~00:05). YOLO26x restarted from scratch (attempt 3), ETA ~01:20.
[2026-10-07 23:30] audit (user asked how much is borrowed): VRDet-X 62.54M params = backbone HGNetv2-B5 33.23M (53%) + encoder 20.70M (33%) vendored from D-FINE/DEIM (Apache-2.0, COCO init) + OBB decoder 8.61M (14%) rewritten. VRDet-S 10.27M: 1.85/4.02/4.39. Code 4.5k lines: 27% vendored, 21% rewritten from D-FINE structure, 52% original. Current novelty (rotated FDR, rotated sampling, chamfer/KLD matching, rotated-IoU MAL, oriented CDN, dense hybrid, thumbnail context) has not beaten YOLO yet. Decision: pull H7 (vector+text branch on FloorPlanCAD, data already exported as tokens) forward to run in parallel with the X run; it is the component neither YOLO nor DETR has.
[2026-10-07 23:36] user: architecture first, private-data fine-tune later; research until ~120 CU left, then no new sessions, finish running ones, provisionally pick the best architecture and stop for the morning review. Implemented JOB_NEW_RESERVE=120 (queued job starts only if balance - est_cu >= 120). est_cu: e6 X 60, e7 vec 8.
[2026-10-08 00:20] e5-rfs-ctx-s status=done result=val mAP50 68.47 (-3.88 vs RFS 72.35) 50:95 44.22 (-3.96); HC -26.7 RA -9.3 HA -7.9 BR -5.8 SBF -5.7, only SV +2.9 BC +2.8. H6 thumbnail context REJECTED (twice: -0.18 without RFS, -3.88 with RFS; ctx-dropout 0.3 did not protect HC). Not carried into X. Drawing-level reasoning for CAD now comes from the vector branch (H7). cu=~12
[2026-10-08 00:28] user: reserve 170 CU (not 120); then finish running jobs only. Gate now projects remaining cost of running jobs (est_cu x remaining epoch fraction). Reserve read from research/jobs/new_reserve.txt. User asleep; morning review.
[2026-10-08 00:35] user clarified: 170 = stop opening new sessions; running ones finish; ending balance ~120-150 is fine. Rule now: open only if balance >= 170 and projected end (balance - est_cu - running remaining) >= 130.
[2026-10-08 00:36] e6 VRDet-X speed: ~28.6 img/s steady (bs8, compile, G4), 1968 it/epoch -> ~9.2 min/epoch, ~3.7 h total, ~36 CU (est_cu 60 -> 40). Max mem not yet logged.
[2026-10-08 00:50] e5-rfs-dense-s status=done result=decoder 71.84 (-0.51 vs RFS 72.35), dense-only 49.83 (SV -54.8 SH -55.9 ST -45.6 vs decoder). H4 dense head as built: no gain; dense branch itself is broken on crowded small objects (crowded patch: decoder 299 SV>0.3, dense only 59-101 dets total, max score ~0.55, boxes too long: median long side 49.6 vs 36.5). Not carried to X. cu=~14
[2026-10-08 00:52] finding: decoder saturates the 300-query cap: 68/5297 val patches have >250 dets>0.1; they hold 28.5% of confident SV, 46.1% SH, 17.0% LV dets (exactly the classes behind YOLO). top-300 is over query x class pairs, so fewer than 300 distinct objects. Query count has no parameters -> e9-dota-qinfer-s: e3-rfs-s checkpoint evaluated with 300/600/900 queries at inference (~3 CU). If it helps: H9 = train with more queries.
