[2026-09-22 21:44:50] status: nguynchtrai/floorplan-vlmdet-train has status "KernelWorkerStatus.RUNNING"
[2026-09-22 21:45:26] watcher started, interval 300s
[2026-09-22 21:45:28] status: nguynchtrai/floorplan-vlmdet-train has status "KernelWorkerStatus.RUNNING"
[2026-09-22 21:46:28] status: nguynchtrai/floorplan-vlmdet-train has status "KernelWorkerStatus.RUNNING"
[2026-09-22 21:46:36] watcher started, interval 300s
[2026-09-22 21:46:37] status: nguynchtrai/floorplan-vlmdet-train has status "KernelWorkerStatus.RUNNING"
[2026-09-22 21:47:15] watcher started, interval 300s
[2026-09-22 21:47:17] status: nguynchtrai/floorplan-vlmdet-train has status "KernelWorkerStatus.RUNNING"
[2026-09-22 21:47:40] watcher started, interval 300s
[2026-09-22 21:47:42] status: nguynchtrai/floorplan-vlmdet-train has status "KernelWorkerStatus.RUNNING"
[2026-09-22 21:50:03] status: nguynchtrai/floorplan-vlmdet-train has status "KernelWorkerStatus.RUNNING"
Traceback (most recent call last):
  File "F:\Source_code\NEW_architecture\kaggle_pkg\watch.py", line 94, in <module>
    print(main_once())
          ^^^^^^^^^^^
  File "F:\Source_code\NEW_architecture\kaggle_pkg\watch.py", line 60, in main_once
    log(f"status: {status}")
  File "F:\Source_code\NEW_architecture\kaggle_pkg\watch.py", line 22, in log
    with open(os.path.join(BASE, "watch.log"), "a", encoding="utf-8") as f:
         ^^^^^^^^^^^^^^^^^^^^^^^^^^^^^^^^^^^^^^^^^^^^^^^^^^^^^^^^^^^^
PermissionError: [Errno 13] Permission denied: 'F:\\Source_code\\NEW_architecture\\kaggle_pkg\\watch.log'
[2026-09-22 21:52:43] status: nguynchtrai/floorplan-vlmdet-train has status "KernelWorkerStatus.COMPLETE"
[2026-09-22 21:52:43] COMPLETE -> downloading outputs
[2026-09-22 21:55:04] status: nguynchtrai/floorplan-vlmdet-train has status "KernelWorkerStatus.COMPLETE"
Traceback (most recent call last):
  File "F:\Source_code\NEW_architecture\kaggle_pkg\watch.py", line 94, in <module>
    print(main_once())
          ^^^^^^^^^^^
  File "F:\Source_code\NEW_architecture\kaggle_pkg\watch.py", line 60, in main_once
    log(f"status: {status}")
  File "F:\Source_code\NEW_architecture\kaggle_pkg\watch.py", line 22, in log
    with open(os.path.join(BASE, "watch.log"), "a", encoding="utf-8") as f:
         ^^^^^^^^^^^^^^^^^^^^^^^^^^^^^^^^^^^^^^^^^^^^^^^^^^^^^^^^^^^^
PermissionError: [Errno 13] Permission denied: 'F:\\Source_code\\NEW_architecture\\kaggle_pkg\\watch.log'
[2026-09-22 21:55:24] download rc=0
[2026-09-22 21:55:24] metrics lines: 62 -> see REPORT_METRICS.txt
[2026-09-22 21:55:24] research_loop(COMPLETE): evidence co 60 dong, 32 dong mAP.

[2026-09-22 21:55:24] training complete, watcher exiting (research loop decides next)
[2026-09-22 22:00:04] status: nguynchtrai/floorplan-vlmdet-train has status "KernelWorkerStatus.COMPLETE"
Traceback (most recent call last):
  File "F:\Source_code\NEW_architecture\kaggle_pkg\watch.py", line 94, in <module>
    print(main_once())
          ^^^^^^^^^^^
  File "F:\Source_code\NEW_architecture\kaggle_pkg\watch.py", line 60, in main_once
    log(f"status: {status}")
  File "F:\Source_code\NEW_architecture\kaggle_pkg\watch.py", line 22, in log
    with open(os.path.join(BASE, "watch.log"), "a", encoding="utf-8") as f:
         ^^^^^^^^^^^^^^^^^^^^^^^^^^^^^^^^^^^^^^^^^^^^^^^^^^^^^^^^^^^^
PermissionError: [Errno 13] Permission denied: 'F:\\Source_code\\NEW_architecture\\kaggle_pkg\\watch.log'
[2026-09-22 22:04:06] watcher started, interval 300s
[2026-09-22 22:04:08] status: nguynchtrai/floorplan-vlmdet-train has status "KernelWorkerStatus.RUNNING"
[2026-09-22 22:05:04] status: nguynchtrai/floorplan-vlmdet-train has status "KernelWorkerStatus.RUNNING"
Traceback (most recent call last):
  File "F:\Source_code\NEW_architecture\kaggle_pkg\watch.py", line 94, in <module>
    print(main_once())
          ^^^^^^^^^^^
  File "F:\Source_code\NEW_architecture\kaggle_pkg\watch.py", line 60, in main_once
    log(f"status: {status}")
  File "F:\Source_code\NEW_architecture\kaggle_pkg\watch.py", line 22, in log
    with open(os.path.join(BASE, "watch.log"), "a", encoding="utf-8") as f:
         ^^^^^^^^^^^^^^^^^^^^^^^^^^^^^^^^^^^^^^^^^^^^^^^^^^^^^^^^^^^^
PermissionError: [Errno 13] Permission denied: 'F:\\Source_code\\NEW_architecture\\kaggle_pkg\\watch.log'
[2026-09-22 22:09:11] status: nguynchtrai/floorplan-vlmdet-train has status "KernelWorkerStatus.RUNNING"
[2026-09-22 22:10:03] status: nguynchtrai/floorplan-vlmdet-train has status "KernelWorkerStatus.RUNNING"
Traceback (most recent call last):
  File "F:\Source_code\NEW_architecture\kaggle_pkg\watch.py", line 94, in <module>
    print(main_once())
          ^^^^^^^^^^^
  File "F:\Source_code\NEW_architecture\kaggle_pkg\watch.py", line 60, in main_once
    log(f"status: {status}")
  File "F:\Source_code\NEW_architecture\kaggle_pkg\watch.py", line 22, in log
    with open(os.path.join(BASE, "watch.log"), "a", encoding="utf-8") as f:
         ^^^^^^^^^^^^^^^^^^^^^^^^^^^^^^^^^^^^^^^^^^^^^^^^^^^^^^^^^^^^
PermissionError: [Errno 13] Permission denied: 'F:\\Source_code\\NEW_architecture\\kaggle_pkg\\watch.log'
[2026-09-22 22:14:12] status: nguynchtrai/floorplan-vlmdet-train has status "KernelWorkerStatus.COMPLETE"
[2026-09-22 22:14:12] COMPLETE -> downloading outputs
[2026-09-22 22:14:23] download rc=0
[2026-09-22 22:14:23] metrics lines: 9 -> see REPORT_METRICS.txt
[2026-09-22 22:14:24] research_loop(COMPLETE): evidence co 9 dong, 3 dong mAP.
EVID: ['/kaggle/input/floorplan-vlmdet-train/runs/vlmdet_small/best.pt', '/kaggle/input/floorplan-vlmdet-train/runs/yolo11x/train/weights/best.pt']
EVID: W= /kaggle/input/floorplan-vlmdet-train/runs/vlmdet_small/best.pt
EVID: wall         AP50(HBB-proxy)=0.040
De nghi: so sanh VLMDet-small vs yolo11x cung dieu kien; neu cua hiem/junction hon >=2 diem -> CHOT D4 (base full 16k); nguoc lai -> D1/D2/D3 theo class loi nhat.
ANALYZED

[2026-09-22 22:14:24] training complete, watcher exiting (research loop decides next)
[2026-09-22 22:15:04] status: nguynchtrai/floorplan-vlmdet-train has status "KernelWorkerStatus.COMPLETE"
Traceback (most recent call last):
  File "F:\Source_code\NEW_architecture\kaggle_pkg\watch.py", line 94, in <module>
    print(main_once())
          ^^^^^^^^^^^
  File "F:\Source_code\NEW_architecture\kaggle_pkg\watch.py", line 60, in main_once
    log(f"status: {status}")
  File "F:\Source_code\NEW_architecture\kaggle_pkg\watch.py", line 22, in log
    with open(os.path.join(BASE, "watch.log"), "a", encoding="utf-8") as f:
         ^^^^^^^^^^^^^^^^^^^^^^^^^^^^^^^^^^^^^^^^^^^^^^^^^^^^^^^^^^^^
PermissionError: [Errno 13] Permission denied: 'F:\\Source_code\\NEW_architecture\\kaggle_pkg\\watch.log'
[2026-09-22 22:20:03] status: nguynchtrai/floorplan-vlmdet-train has status "KernelWorkerStatus.COMPLETE"
Traceback (most recent call last):
  File "F:\Source_code\NEW_architecture\kaggle_pkg\watch.py", line 94, in <module>
    print(main_once())
          ^^^^^^^^^^^
  File "F:\Source_code\NEW_architecture\kaggle_pkg\watch.py", line 60, in main_once
    log(f"status: {status}")
  File "F:\Source_code\NEW_architecture\kaggle_pkg\watch.py", line 22, in log
    with open(os.path.join(BASE, "watch.log"), "a", encoding="utf-8") as f:
         ^^^^^^^^^^^^^^^^^^^^^^^^^^^^^^^^^^^^^^^^^^^^^^^^^^^^^^^^^^^^
PermissionError: [Errno 13] Permission denied: 'F:\\Source_code\\NEW_architecture\\kaggle_pkg\\watch.log'
[2026-09-22 22:25:03] status: nguynchtrai/floorplan-vlmdet-train has status "KernelWorkerStatus.COMPLETE"
Traceback (most recent call last):
  File "F:\Source_code\NEW_architecture\kaggle_pkg\watch.py", line 94, in <module>
    print(main_once())
          ^^^^^^^^^^^
  File "F:\Source_code\NEW_architecture\kaggle_pkg\watch.py", line 60, in main_once
    log(f"status: {status}")
  File "F:\Source_code\NEW_architecture\kaggle_pkg\watch.py", line 22, in log
    with open(os.path.join(BASE, "watch.log"), "a", encoding="utf-8") as f:
         ^^^^^^^^^^^^^^^^^^^^^^^^^^^^^^^^^^^^^^^^^^^^^^^^^^^^^^^^^^^^
PermissionError: [Errno 13] Permission denied: 'F:\\Source_code\\NEW_architecture\\kaggle_pkg\\watch.log'
[2026-09-22 22:30:09] watcher started, interval 300s
[2026-09-22 22:30:11] status: nguynchtrai/floorplan-vlmdet-train has status "KernelWorkerStatus.COMPLETE"
WAIT
[2026-09-22 22:30:12] status: nguynchtrai/floorplan-vlmdet-train has status "KernelWorkerStatus.COMPLETE"
[2026-09-22 22:31:04] status: nguynchtrai/floorplan-vlmdet-train has status "KernelWorkerStatus.COMPLETE"
WAIT
[2026-09-22 22:35:15] status: nguynchtrai/floorplan-vlmdet-train has status "KernelWorkerStatus.COMPLETE"
[2026-09-22 22:35:50] status: nguynchtrai/floorplan-vlmdet-train has status "KernelWorkerStatus.COMPLETE"
[2026-09-22 22:35:50] COMPLETE -> downloading outputs
[2026-09-22 22:35:59] download rc=0
[2026-09-22 22:35:59] metrics lines: 9 -> see REPORT_METRICS.txt
[2026-09-22 22:35:59] research_loop(COMPLETE): evidence co 9 dong, 3 dong mAP.
EVID: ['/kaggle/input/floorplan-vlmdet-train/runs/vlmdet_small/best.pt', '/kaggle/input/floorplan-vlmdet-train/runs/yolo11x/train/weights/best.pt']
EVID: W= /kaggle/input/floorplan-vlmdet-train/runs/vlmdet_small/best.pt
EVID: wall         AP50(HBB-proxy)=0.040
De nghi: so sanh VLMDet-small vs yolo11x cung dieu kien; neu cua hiem/junction hon >=2 diem -> CHOT D4 (base full 16k); nguoc lai -> D1/D2/D3 theo class loi nhat.
ANALYZED

[2026-09-22 22:36:04] status: nguynchtrai/floorplan-vlmdet-train has status "KernelWorkerStatus.COMPLETE"
WAIT
[2026-09-22 22:40:17] status: nguynchtrai/floorplan-vlmdet-train has status "KernelWorkerStatus.COMPLETE"
[2026-09-22 22:41:03] status: nguynchtrai/floorplan-vlmdet-train has status "KernelWorkerStatus.COMPLETE"
WAIT
[2026-09-22 22:45:18] status: nguynchtrai/floorplan-vlmdet-train has status "KernelWorkerStatus.RUNNING"
[2026-09-22 22:45:51] watcher started, interval 300s
[2026-09-22 22:45:53] status: nguynchtrai/floorplan-vlmdet-train has status "KernelWorkerStatus.RUNNING"
[2026-09-22 22:46:04] status: nguynchtrai/floorplan-vlmdet-train has status "KernelWorkerStatus.RUNNING"
WAIT
[2026-09-22 22:50:55] status: nguynchtrai/floorplan-vlmdet-train has status "KernelWorkerStatus.RUNNING"
[2026-09-22 22:51:03] status: nguynchtrai/floorplan-vlmdet-train has status "KernelWorkerStatus.RUNNING"
WAIT
[2026-09-22 22:55:58] status: nguynchtrai/floorplan-vlmdet-train has status "KernelWorkerStatus.RUNNING"
[2026-09-22 22:56:04] status: nguynchtrai/floorplan-vlmdet-train has status "KernelWorkerStatus.RUNNING"
WAIT
[2026-09-22 23:00:59] status: nguynchtrai/floorplan-vlmdet-train has status "KernelWorkerStatus.RUNNING"
[2026-09-22 23:01:03] status: nguynchtrai/floorplan-vlmdet-train has status "KernelWorkerStatus.RUNNING"
WAIT
[2026-09-22 23:06:01] status: nguynchtrai/floorplan-vlmdet-train has status "KernelWorkerStatus.RUNNING"
[2026-09-22 23:06:04] status: nguynchtrai/floorplan-vlmdet-train has status "KernelWorkerStatus.RUNNING"
WAIT
[2026-09-22 23:11:08] status: nguynchtrai/floorplan-vlmdet-train has status "KernelWorkerStatus.RUNNING"
WAIT
[2026-09-22 23:16:03] status: nguynchtrai/floorplan-vlmdet-train has status "KernelWorkerStatus.RUNNING"
WAIT
[2026-09-22 23:16:06] status: nguynchtrai/floorplan-vlmdet-train has status "KernelWorkerStatus.RUNNING"
[2026-09-22 23:21:04] status: nguynchtrai/floorplan-vlmdet-train has status "KernelWorkerStatus.RUNNING"
WAIT
[2026-09-22 23:21:09] status: nguynchtrai/floorplan-vlmdet-train has status "KernelWorkerStatus.RUNNING"
[2026-09-22 23:26:04] status: nguynchtrai/floorplan-vlmdet-train has status "KernelWorkerStatus.RUNNING"
WAIT
[2026-09-22 23:26:11] status: nguynchtrai/floorplan-vlmdet-train has status "KernelWorkerStatus.RUNNING"
[2026-09-22 23:31:04] status: nguynchtrai/floorplan-vlmdet-train has status "KernelWorkerStatus.RUNNING"
WAIT
[2026-09-22 23:31:13] status: nguynchtrai/floorplan-vlmdet-train has status "KernelWorkerStatus.RUNNING"
[2026-09-22 23:36:04] status: nguynchtrai/floorplan-vlmdet-train has status "KernelWorkerStatus.RUNNING"
WAIT
[2026-09-22 23:36:16] status: nguynchtrai/floorplan-vlmdet-train has status "KernelWorkerStatus.RUNNING"
[2026-09-22 23:36:50] status: nguynchtrai/floorplan-vlmdet-train has status "KernelWorkerStatus.RUNNING"
[2026-09-22 23:37:10] status: nguynchtrai/floorplan-vlmdet-train has status "KernelWorkerStatus.RUNNING"
[2026-09-22 23:37:11] watcher started, interval 300s
[2026-09-22 23:37:13] status: nguynchtrai/floorplan-vlmdet-train has status "KernelWorkerStatus.RUNNING"
[2026-09-22 23:38:52] status: nguynchtrai/floorplan-vlmdet-train has status "KernelWorkerStatus.RUNNING"
WAIT
[2026-09-22 23:38:56] watcher started, interval 300s
[2026-09-22 23:38:58] status: nguynchtrai/floorplan-vlmdet-train has status "KernelWorkerStatus.RUNNING"
[2026-09-22 23:41:04] status: nguynchtrai/floorplan-vlmdet-train has status "KernelWorkerStatus.RUNNING"
WAIT
[2026-09-22 23:44:01] status: nguynchtrai/floorplan-vlmdet-train has status "KernelWorkerStatus.RUNNING"
[2026-09-22 23:46:04] status: nguynchtrai/floorplan-vlmdet-train has status "KernelWorkerStatus.RUNNING"
WAIT
[2026-09-22 23:49:02] status: nguynchtrai/floorplan-vlmdet-train has status "KernelWorkerStatus.RUNNING"
[2026-09-22 23:51:04] status: nguynchtrai/floorplan-vlmdet-train has status "KernelWorkerStatus.RUNNING"
WAIT
[2026-09-22 23:54:04] status: nguynchtrai/floorplan-vlmdet-train has status "KernelWorkerStatus.RUNNING"
[2026-09-22 23:56:03] status: nguynchtrai/floorplan-vlmdet-train has status "KernelWorkerStatus.RUNNING"
WAIT
[2026-09-22 23:59:06] status: nguynchtrai/floorplan-vlmdet-train has status "KernelWorkerStatus.RUNNING"
[2026-09-23 00:01:04] status: nguynchtrai/floorplan-vlmdet-train has status "KernelWorkerStatus.RUNNING"
WAIT
[2026-09-23 00:04:09] status: nguynchtrai/floorplan-vlmdet-train has status "KernelWorkerStatus.RUNNING"
[2026-09-23 00:06:04] status: nguynchtrai/floorplan-vlmdet-train has status "KernelWorkerStatus.RUNNING"
WAIT
[2026-09-23 00:09:11] status: nguynchtrai/floorplan-vlmdet-train has status "KernelWorkerStatus.RUNNING"
[2026-09-23 00:11:05] status: nguynchtrai/floorplan-vlmdet-train has status "KernelWorkerStatus.RUNNING"
WAIT
[2026-09-23 00:14:13] status: nguynchtrai/floorplan-vlmdet-train has status "KernelWorkerStatus.RUNNING"
[2026-09-23 00:16:04] status: nguynchtrai/floorplan-vlmdet-train has status "KernelWorkerStatus.RUNNING"
WAIT
[2026-09-23 00:19:15] status: nguynchtrai/floorplan-vlmdet-train has status "KernelWorkerStatus.RUNNING"
[2026-09-23 00:21:04] status: nguynchtrai/floorplan-vlmdet-train has status "KernelWorkerStatus.RUNNING"
WAIT
[2026-09-23 00:24:17] status: nguynchtrai/floorplan-vlmdet-train has status "KernelWorkerStatus.RUNNING"
[2026-09-23 00:26:04] status: nguynchtrai/floorplan-vlmdet-train has status "KernelWorkerStatus.RUNNING"
WAIT
[2026-09-23 00:29:20] status: nguynchtrai/floorplan-vlmdet-train has status "KernelWorkerStatus.RUNNING"
[2026-09-23 00:31:05] status: nguynchtrai/floorplan-vlmdet-train has status "KernelWorkerStatus.RUNNING"
WAIT
[2026-09-23 00:34:21] status: nguynchtrai/floorplan-vlmdet-train has status "KernelWorkerStatus.RUNNING"
[2026-09-23 00:36:04] status: nguynchtrai/floorplan-vlmdet-train has status "KernelWorkerStatus.RUNNING"
WAIT
[2026-09-23 00:39:24] status: nguynchtrai/floorplan-vlmdet-train has status "KernelWorkerStatus.RUNNING"
[2026-09-23 00:41:05] status: nguynchtrai/floorplan-vlmdet-train has status "KernelWorkerStatus.RUNNING"
WAIT
[2026-09-23 00:44:26] status: nguynchtrai/floorplan-vlmdet-train has status "KernelWorkerStatus.RUNNING"
[2026-09-23 00:46:04] status: nguynchtrai/floorplan-vlmdet-train has status "KernelWorkerStatus.RUNNING"
WAIT
[2026-09-23 00:49:29] status: nguynchtrai/floorplan-vlmdet-train has status "KernelWorkerStatus.RUNNING"
[2026-09-23 00:51:04] status: nguynchtrai/floorplan-vlmdet-train has status "KernelWorkerStatus.RUNNING"
WAIT
[2026-09-23 00:54:32] status: nguynchtrai/floorplan-vlmdet-train has status "KernelWorkerStatus.RUNNING"
[2026-09-23 00:56:04] status: nguynchtrai/floorplan-vlmdet-train has status "KernelWorkerStatus.RUNNING"
WAIT
[2026-09-23 00:59:35] status: nguynchtrai/floorplan-vlmdet-train has status "KernelWorkerStatus.RUNNING"
[2026-09-23 01:01:04] status: nguynchtrai/floorplan-vlmdet-train has status "KernelWorkerStatus.RUNNING"
WAIT
[2026-09-23 01:04:37] status: nguynchtrai/floorplan-vlmdet-train has status "KernelWorkerStatus.RUNNING"
[2026-09-23 01:06:04] status: nguynchtrai/floorplan-vlmdet-train has status "KernelWorkerStatus.RUNNING"
WAIT
[2026-09-23 01:09:39] status: nguynchtrai/floorplan-vlmdet-train has status "KernelWorkerStatus.RUNNING"
[2026-09-23 01:11:05] status: nguynchtrai/floorplan-vlmdet-train has status "KernelWorkerStatus.RUNNING"
WAIT
[2026-09-23 01:14:42] status: nguynchtrai/floorplan-vlmdet-train has status "KernelWorkerStatus.RUNNING"
[2026-09-23 01:16:05] status: nguynchtrai/floorplan-vlmdet-train has status "KernelWorkerStatus.RUNNING"
WAIT
[2026-09-23 01:19:44] status: nguynchtrai/floorplan-vlmdet-train has status "KernelWorkerStatus.RUNNING"
[2026-09-23 01:21:04] status: nguynchtrai/floorplan-vlmdet-train has status "KernelWorkerStatus.RUNNING"
WAIT
[2026-09-23 01:24:47] status: nguynchtrai/floorplan-vlmdet-train has status "KernelWorkerStatus.RUNNING"
[2026-09-23 01:26:04] status: nguynchtrai/floorplan-vlmdet-train has status "KernelWorkerStatus.RUNNING"
WAIT
[2026-09-23 01:29:50] status: nguynchtrai/floorplan-vlmdet-train has status "KernelWorkerStatus.RUNNING"
[2026-09-23 01:31:04] status: nguynchtrai/floorplan-vlmdet-train has status "KernelWorkerStatus.RUNNING"
WAIT
[2026-09-23 01:34:52] status: nguynchtrai/floorplan-vlmdet-train has status "KernelWorkerStatus.RUNNING"
[2026-09-23 01:36:05] status: nguynchtrai/floorplan-vlmdet-train has status "KernelWorkerStatus.RUNNING"
WAIT
[2026-09-23 01:39:54] status: nguynchtrai/floorplan-vlmdet-train has status "KernelWorkerStatus.RUNNING"
[2026-09-23 01:41:05] status: nguynchtrai/floorplan-vlmdet-train has status "KernelWorkerStatus.RUNNING"
WAIT
[2026-09-23 01:44:56] status: nguynchtrai/floorplan-vlmdet-train has status "KernelWorkerStatus.RUNNING"
[2026-09-23 01:46:04] status: nguynchtrai/floorplan-vlmdet-train has status "KernelWorkerStatus.RUNNING"
WAIT
[2026-09-23 01:49:58] status: nguynchtrai/floorplan-vlmdet-train has status "KernelWorkerStatus.RUNNING"
[2026-09-23 01:51:04] status: nguynchtrai/floorplan-vlmdet-train has status "KernelWorkerStatus.RUNNING"
WAIT
[2026-09-23 01:55:00] status: nguynchtrai/floorplan-vlmdet-train has status "KernelWorkerStatus.RUNNING"
[2026-09-23 01:56:04] status: nguynchtrai/floorplan-vlmdet-train has status "KernelWorkerStatus.RUNNING"
WAIT
[2026-09-23 02:00:03] status: nguynchtrai/floorplan-vlmdet-train has status "KernelWorkerStatus.RUNNING"
[2026-09-23 02:01:05] status: nguynchtrai/floorplan-vlmdet-train has status "KernelWorkerStatus.RUNNING"
WAIT
[2026-09-23 02:05:06] status: nguynchtrai/floorplan-vlmdet-train has status "KernelWorkerStatus.RUNNING"
[2026-09-23 02:06:04] status: nguynchtrai/floorplan-vlmdet-train has status "KernelWorkerStatus.RUNNING"
WAIT
[2026-09-23 02:10:08] status: nguynchtrai/floorplan-vlmdet-train has status "KernelWorkerStatus.RUNNING"
[2026-09-23 02:11:04] status: nguynchtrai/floorplan-vlmdet-train has status "KernelWorkerStatus.RUNNING"
WAIT
[2026-09-23 02:15:10] status: nguynchtrai/floorplan-vlmdet-train has status "KernelWorkerStatus.RUNNING"
[2026-09-23 02:16:05] status: nguynchtrai/floorplan-vlmdet-train has status "KernelWorkerStatus.RUNNING"
WAIT
[2026-09-23 02:20:13] status: nguynchtrai/floorplan-vlmdet-train has status "KernelWorkerStatus.RUNNING"
[2026-09-23 02:21:03] status: nguynchtrai/floorplan-vlmdet-train has status "KernelWorkerStatus.RUNNING"
WAIT
[2026-09-23 02:25:15] status: nguynchtrai/floorplan-vlmdet-train has status "KernelWorkerStatus.RUNNING"
[2026-09-23 02:26:04] status: nguynchtrai/floorplan-vlmdet-train has status "KernelWorkerStatus.RUNNING"
WAIT
[2026-09-23 02:30:17] status: nguynchtrai/floorplan-vlmdet-train has status "KernelWorkerStatus.RUNNING"
[2026-09-23 02:31:04] status: nguynchtrai/floorplan-vlmdet-train has status "KernelWorkerStatus.RUNNING"
WAIT
[2026-09-23 02:35:19] status: nguynchtrai/floorplan-vlmdet-train has status "KernelWorkerStatus.RUNNING"
[2026-09-23 02:36:04] status: nguynchtrai/floorplan-vlmdet-train has status "KernelWorkerStatus.RUNNING"
WAIT
[2026-09-23 02:40:21] status: nguynchtrai/floorplan-vlmdet-train has status "KernelWorkerStatus.RUNNING"
[2026-09-23 02:41:04] status: nguynchtrai/floorplan-vlmdet-train has status "KernelWorkerStatus.RUNNING"
WAIT
[2026-09-23 02:45:24] status: nguynchtrai/floorplan-vlmdet-train has status "KernelWorkerStatus.COMPLETE"
[2026-09-23 02:45:24] COMPLETE -> downloading outputs
[2026-09-23 02:46:03] status: nguynchtrai/floorplan-vlmdet-train has status "KernelWorkerStatus.COMPLETE"
WAIT
[2026-09-23 02:51:03] status: nguynchtrai/floorplan-vlmdet-train has status "KernelWorkerStatus.COMPLETE"
WAIT
[2026-09-23 02:56:04] status: nguynchtrai/floorplan-vlmdet-train has status "KernelWorkerStatus.COMPLETE"
WAIT
[2026-09-23 03:01:03] status: nguynchtrai/floorplan-vlmdet-train has status "KernelWorkerStatus.COMPLETE"
WAIT
[2026-09-23 03:06:03] status: nguynchtrai/floorplan-vlmdet-train has status "KernelWorkerStatus.COMPLETE"
WAIT
[2026-09-23 03:11:03] status: nguynchtrai/floorplan-vlmdet-train has status "KernelWorkerStatus.COMPLETE"
WAIT
[2026-09-23 03:16:03] status: nguynchtrai/floorplan-vlmdet-train has status "KernelWorkerStatus.COMPLETE"
WAIT
[2026-09-23 03:21:05] status: nguynchtrai/floorplan-vlmdet-train has status "KernelWorkerStatus.COMPLETE"
WAIT
[2026-09-23 03:26:04] status: nguynchtrai/floorplan-vlmdet-train has status "KernelWorkerStatus.COMPLETE"
WAIT
[2026-09-23 03:31:03] status: nguynchtrai/floorplan-vlmdet-train has status "KernelWorkerStatus.COMPLETE"
WAIT
[2026-09-23 03:36:03] status: nguynchtrai/floorplan-vlmdet-train has status "KernelWorkerStatus.COMPLETE"
WAIT
[2026-09-23 03:41:04] status: nguynchtrai/floorplan-vlmdet-train has status "KernelWorkerStatus.COMPLETE"
WAIT
[2026-09-23 03:46:03] status: nguynchtrai/floorplan-vlmdet-train has status "KernelWorkerStatus.COMPLETE"
WAIT
[2026-09-23 03:51:03] status: nguynchtrai/floorplan-vlmdet-train has status "KernelWorkerStatus.COMPLETE"
WAIT
[2026-09-23 03:56:04] status: nguynchtrai/floorplan-vlmdet-train has status "KernelWorkerStatus.COMPLETE"
WAIT
[2026-09-23 04:01:04] status: nguynchtrai/floorplan-vlmdet-train has status "KernelWorkerStatus.COMPLETE"
WAIT
[2026-09-23 04:06:04] status: nguynchtrai/floorplan-vlmdet-train has status "KernelWorkerStatus.COMPLETE"
WAIT
[2026-09-23 04:11:04] status: nguynchtrai/floorplan-vlmdet-train has status "KernelWorkerStatus.COMPLETE"
WAIT
[2026-09-23 04:16:03] status: nguynchtrai/floorplan-vlmdet-train has status "KernelWorkerStatus.COMPLETE"
WAIT
[2026-09-23 04:21:04] status: nguynchtrai/floorplan-vlmdet-train has status "KernelWorkerStatus.COMPLETE"
WAIT
[2026-09-23 04:26:04] status: nguynchtrai/floorplan-vlmdet-train has status "KernelWorkerStatus.COMPLETE"
WAIT
[2026-09-23 04:31:04] status: nguynchtrai/floorplan-vlmdet-train has status "KernelWorkerStatus.COMPLETE"
WAIT
[2026-09-23 04:36:05] status: nguynchtrai/floorplan-vlmdet-train has status "KernelWorkerStatus.COMPLETE"
WAIT
[2026-09-23 04:41:04] status: nguynchtrai/floorplan-vlmdet-train has status "KernelWorkerStatus.COMPLETE"
WAIT
[2026-09-23 04:46:04] status: nguynchtrai/floorplan-vlmdet-train has status "KernelWorkerStatus.COMPLETE"
WAIT
[2026-09-23 04:51:04] status: nguynchtrai/floorplan-vlmdet-train has status "KernelWorkerStatus.COMPLETE"
WAIT
[2026-09-23 04:56:04] status: nguynchtrai/floorplan-vlmdet-train has status "KernelWorkerStatus.COMPLETE"
WAIT
[2026-09-23 05:01:04] status: nguynchtrai/floorplan-vlmdet-train has status "KernelWorkerStatus.COMPLETE"
WAIT
[2026-09-23 05:06:05] status: nguynchtrai/floorplan-vlmdet-train has status "KernelWorkerStatus.COMPLETE"
WAIT
[2026-09-23 05:11:04] status: nguynchtrai/floorplan-vlmdet-train has status "KernelWorkerStatus.COMPLETE"
WAIT
[2026-09-23 05:16:04] status: nguynchtrai/floorplan-vlmdet-train has status "KernelWorkerStatus.COMPLETE"
WAIT
[2026-09-23 05:21:03] status: nguynchtrai/floorplan-vlmdet-train has status "KernelWorkerStatus.COMPLETE"
WAIT
[2026-09-23 05:26:04] status: nguynchtrai/floorplan-vlmdet-train has status "KernelWorkerStatus.COMPLETE"
WAIT
[2026-09-23 05:31:04] status: nguynchtrai/floorplan-vlmdet-train has status "KernelWorkerStatus.COMPLETE"
WAIT
[2026-09-23 05:36:04] status: nguynchtrai/floorplan-vlmdet-train has status "KernelWorkerStatus.COMPLETE"
WAIT
[2026-09-23 05:41:05] status: nguynchtrai/floorplan-vlmdet-train has status "KernelWorkerStatus.COMPLETE"
WAIT
[2026-09-23 05:46:03] status: nguynchtrai/floorplan-vlmdet-train has status "KernelWorkerStatus.COMPLETE"
WAIT
[2026-09-23 05:51:03] status: nguynchtrai/floorplan-vlmdet-train has status "KernelWorkerStatus.COMPLETE"
WAIT
[2026-09-23 05:56:05] status: nguynchtrai/floorplan-vlmdet-train has status "KernelWorkerStatus.COMPLETE"
WAIT
[2026-09-23 06:01:03] status: nguynchtrai/floorplan-vlmdet-train has status "KernelWorkerStatus.COMPLETE"
WAIT
[2026-09-23 06:06:03] status: nguynchtrai/floorplan-vlmdet-train has status "KernelWorkerStatus.COMPLETE"
WAIT
[2026-09-23 06:11:04] status: nguynchtrai/floorplan-vlmdet-train has status "KernelWorkerStatus.COMPLETE"
WAIT
[2026-09-23 06:16:03] status: nguynchtrai/floorplan-vlmdet-train has status "KernelWorkerStatus.COMPLETE"
WAIT
[2026-09-23 06:21:04] status: nguynchtrai/floorplan-vlmdet-train has status "KernelWorkerStatus.COMPLETE"
WAIT
[2026-09-23 06:26:05] status: nguynchtrai/floorplan-vlmdet-train has status "KernelWorkerStatus.COMPLETE"
WAIT
[2026-09-23 06:31:04] status: nguynchtrai/floorplan-vlmdet-train has status "KernelWorkerStatus.COMPLETE"
WAIT
[2026-09-23 06:36:04] status: nguynchtrai/floorplan-vlmdet-train has status "KernelWorkerStatus.COMPLETE"
WAIT
[2026-09-23 06:41:04] status: nguynchtrai/floorplan-vlmdet-train has status "KernelWorkerStatus.COMPLETE"
WAIT
[2026-09-23 06:46:03] status: nguynchtrai/floorplan-vlmdet-train has status "KernelWorkerStatus.COMPLETE"
WAIT
[2026-09-23 06:51:04] status: nguynchtrai/floorplan-vlmdet-train has status "KernelWorkerStatus.COMPLETE"
WAIT
[2026-09-23 06:56:04] status: nguynchtrai/floorplan-vlmdet-train has status "KernelWorkerStatus.COMPLETE"
WAIT
[2026-09-23 07:01:05] status: nguynchtrai/floorplan-vlmdet-train has status "KernelWorkerStatus.COMPLETE"
WAIT
[2026-09-23 07:06:04] status: nguynchtrai/floorplan-vlmdet-train has status "KernelWorkerStatus.COMPLETE"
WAIT
[2026-09-23 07:11:04] status: nguynchtrai/floorplan-vlmdet-train has status "KernelWorkerStatus.COMPLETE"
WAIT
[2026-09-23 07:16:03] status: nguynchtrai/floorplan-vlmdet-train has status "KernelWorkerStatus.COMPLETE"
WAIT
[2026-09-23 07:21:04] status: nguynchtrai/floorplan-vlmdet-train has status "KernelWorkerStatus.COMPLETE"
WAIT
[2026-09-23 07:26:04] status: nguynchtrai/floorplan-vlmdet-train has status "KernelWorkerStatus.COMPLETE"
WAIT
[2026-09-23 07:31:04] status: nguynchtrai/floorplan-vlmdet-train has status "KernelWorkerStatus.COMPLETE"
WAIT
[2026-09-23 07:36:04] status: nguynchtrai/floorplan-vlmdet-train has status "KernelWorkerStatus.COMPLETE"
WAIT
[2026-09-23 07:41:05] status: nguynchtrai/floorplan-vlmdet-train has status "KernelWorkerStatus.COMPLETE"
WAIT
[2026-09-23 07:46:05] status: nguynchtrai/floorplan-vlmdet-train has status "KernelWorkerStatus.COMPLETE"
WAIT
[2026-09-23 07:51:05] status: nguynchtrai/floorplan-vlmdet-train has status "KernelWorkerStatus.COMPLETE"
WAIT
[2026-09-23 07:56:04] status: nguynchtrai/floorplan-vlmdet-train has status "KernelWorkerStatus.COMPLETE"
WAIT
[2026-09-23 08:01:04] status: nguynchtrai/floorplan-vlmdet-train has status "KernelWorkerStatus.COMPLETE"
WAIT
[2026-09-23 08:06:04] status: nguynchtrai/floorplan-vlmdet-train has status "KernelWorkerStatus.COMPLETE"
WAIT
[2026-09-23 08:11:03] status: nguynchtrai/floorplan-vlmdet-train has status "KernelWorkerStatus.COMPLETE"
WAIT
[2026-09-23 08:16:03] status: nguynchtrai/floorplan-vlmdet-train has status "KernelWorkerStatus.COMPLETE"
WAIT
[2026-09-23 08:21:03] status: nguynchtrai/floorplan-vlmdet-train has status "KernelWorkerStatus.COMPLETE"
WAIT
[2026-09-23 08:26:04] status: nguynchtrai/floorplan-vlmdet-train has status "KernelWorkerStatus.COMPLETE"
WAIT
[2026-09-23 08:29:25] status: nguynchtrai/floorplan-vlmdet-train has status "KernelWorkerStatus.COMPLETE"
[2026-09-23 08:29:25] COMPLETE -> downloading outputs
[2026-09-23 08:30:00] download rc=0
[2026-09-23 08:30:00] metrics lines: 30 -> see REPORT_METRICS.txt
[2026-09-23 08:30:00] research_loop(COMPLETE): evidence co 30 dong, 4 dong mAP.
EVID: names: [wall, window, door, slide_door, double_door, opening, junction]
EVID: variant=small params=25.33M
EVID: saved to /kaggle/working/runs/vlmdet_small2
EVID: wall         AP50(HBB-proxy)=0.126
De nghi: so sanh VLMDet-small vs yolo11x cung dieu kien; neu cua hiem/junction hon >=2 diem -> CHOT D4 (base full 16k); nguoc lai -> D1/D2/D3 theo class loi nhat.
ANALYZED

[2026-09-23 08:31:03] status: nguynchtrai/floorplan-vlmdet-train has status "KernelWorkerStatus.COMPLETE"
WAIT
[2026-09-23 08:32:17] watcher started, interval 300s
[2026-09-23 08:32:20] status: nguynchtrai/floorplan-vlmdet-train has status "KernelWorkerStatus.RUNNING"
[2026-09-23 08:32:32] watcher started, interval 300s
[2026-09-23 08:32:34] status: nguynchtrai/floorplan-vlmdet-train has status "KernelWorkerStatus.RUNNING"
[2026-09-23 08:36:03] status: nguynchtrai/floorplan-vlmdet-train has status "KernelWorkerStatus.RUNNING"
WAIT
[2026-09-23 08:37:37] status: nguynchtrai/floorplan-vlmdet-train has status "KernelWorkerStatus.RUNNING"
[2026-09-23 08:41:04] status: nguynchtrai/floorplan-vlmdet-train has status "KernelWorkerStatus.RUNNING"
WAIT
[2026-09-23 08:42:39] status: nguynchtrai/floorplan-vlmdet-train has status "KernelWorkerStatus.RUNNING"
[2026-09-23 08:46:04] status: nguynchtrai/floorplan-vlmdet-train has status "KernelWorkerStatus.RUNNING"
WAIT
[2026-09-23 08:47:42] status: nguynchtrai/floorplan-vlmdet-train has status "KernelWorkerStatus.RUNNING"
[2026-09-23 08:51:04] status: nguynchtrai/floorplan-vlmdet-train has status "KernelWorkerStatus.RUNNING"
WAIT
[2026-09-23 08:52:44] status: nguynchtrai/floorplan-vlmdet-train has status "KernelWorkerStatus.RUNNING"
[2026-09-23 08:56:04] status: nguynchtrai/floorplan-vlmdet-train has status "KernelWorkerStatus.COMPLETE"
[2026-09-23 08:56:04] COMPLETE -> downloading outputs
[2026-09-23 08:56:13] download rc=0
[2026-09-23 08:56:13] metrics lines: 38 -> see REPORT_METRICS.txt
[2026-09-23 08:56:13] research_loop(COMPLETE): 01 ngt=13584
EVID: wall         AP50(HBB-proxy)=0.150 npred=66008 ngt=13584
EVID: wall         AP50(HBB-proxy)=0.126 npred=71073 ngt=13584
EVID: wall         AP50(HBB-proxy)=0.150 npred=63571 ngt=13584
EVID: wall         AP50(HBB-proxy)=0.126 npred=69501 ngt=13584
EVID: wall         AP50(HBB-proxy)=0.150 npred=61105 ngt=13584
De nghi: so sanh VLMDet-small vs yolo11x cung dieu kien; neu cua hiem/junction hon >=2 diem -> CHOT D4 (base full 16k); nguoc lai -> D1/D2/D3 theo class loi nhat.
ANALYZED

DONE
[2026-09-23 08:57:47] status: nguynchtrai/floorplan-vlmdet-train has status "KernelWorkerStatus.COMPLETE"
[2026-09-23 09:01:04] status: nguynchtrai/floorplan-vlmdet-train has status "KernelWorkerStatus.COMPLETE"
WAIT
[2026-09-23 09:02:50] status: nguynchtrai/floorplan-vlmdet-train has status "KernelWorkerStatus.COMPLETE"
[2026-09-23 09:06:05] status: nguynchtrai/floorplan-vlmdet-train has status "KernelWorkerStatus.COMPLETE"
WAIT
[2026-09-23 09:07:53] status: nguynchtrai/floorplan-vlmdet-train has status "KernelWorkerStatus.COMPLETE"
[2026-09-23 09:11:03] status: nguynchtrai/floorplan-vlmdet-train has status "KernelWorkerStatus.COMPLETE"
WAIT
[2026-09-23 09:12:54] status: nguynchtrai/floorplan-vlmdet-train has status "KernelWorkerStatus.COMPLETE"
[2026-09-23 09:16:04] status: nguynchtrai/floorplan-vlmdet-train has status "KernelWorkerStatus.COMPLETE"
WAIT
[2026-09-23 09:16:48] status: nguynchtrai/floorplan-vlmdet-train has status "KernelWorkerStatus.COMPLETE"
[2026-09-23 09:16:48] COMPLETE -> downloading outputs
[2026-09-23 09:16:58] download rc=0
[2026-09-23 09:16:58] metrics lines: 38 -> see REPORT_METRICS.txt
[2026-09-23 09:16:58] research_loop(COMPLETE): 01 ngt=13584
EVID: wall         AP50(HBB-proxy)=0.150 npred=66008 ngt=13584
EVID: wall         AP50(HBB-proxy)=0.126 npred=71073 ngt=13584
EVID: wall         AP50(HBB-proxy)=0.150 npred=63571 ngt=13584
EVID: wall         AP50(HBB-proxy)=0.126 npred=69501 ngt=13584
EVID: wall         AP50(HBB-proxy)=0.150 npred=61105 ngt=13584
De nghi: so sanh VLMDet-small vs yolo11x cung dieu kien; neu cua hiem/junction hon >=2 diem -> CHOT D4 (base full 16k); nguoc lai -> D1/D2/D3 theo class loi nhat.
ANALYZED

[2026-09-23 09:17:57] status: nguynchtrai/floorplan-vlmdet-train has status "KernelWorkerStatus.COMPLETE"
[2026-09-23 09:21:04] status: nguynchtrai/floorplan-vlmdet-train has status "KernelWorkerStatus.RUNNING"
WAIT
[2026-09-23 09:23:00] status: nguynchtrai/floorplan-vlmdet-train has status "KernelWorkerStatus.RUNNING"
[2026-09-23 09:26:04] status: nguynchtrai/floorplan-vlmdet-train has status "KernelWorkerStatus.RUNNING"
WAIT
[2026-09-23 09:28:03] status: nguynchtrai/floorplan-vlmdet-train has status "KernelWorkerStatus.RUNNING"
[2026-09-23 09:31:03] status: nguynchtrai/floorplan-vlmdet-train has status "KernelWorkerStatus.RUNNING"
WAIT
[2026-09-23 09:33:05] status: nguynchtrai/floorplan-vlmdet-train has status "KernelWorkerStatus.RUNNING"
[2026-09-23 09:36:03] status: nguynchtrai/floorplan-vlmdet-train has status "KernelWorkerStatus.RUNNING"
WAIT
[2026-09-23 09:38:08] status: nguynchtrai/floorplan-vlmdet-train has status "KernelWorkerStatus.RUNNING"
[2026-09-23 09:41:04] status: nguynchtrai/floorplan-vlmdet-train has status "KernelWorkerStatus.RUNNING"
WAIT
[2026-09-23 09:43:10] status: nguynchtrai/floorplan-vlmdet-train has status "KernelWorkerStatus.RUNNING"
[2026-09-23 09:46:04] status: nguynchtrai/floorplan-vlmdet-train has status "KernelWorkerStatus.RUNNING"
WAIT
[2026-09-23 09:48:12] status: nguynchtrai/floorplan-vlmdet-train has status "KernelWorkerStatus.RUNNING"
[2026-09-23 09:51:03] status: nguynchtrai/floorplan-vlmdet-train has status "KernelWorkerStatus.RUNNING"
WAIT
[2026-09-23 09:53:14] status: nguynchtrai/floorplan-vlmdet-train has status "KernelWorkerStatus.RUNNING"
[2026-09-23 10:01:03] status: nguynchtrai/floorplan-vlmdet-train has status "KernelWorkerStatus.RUNNING"
[2026-09-23 10:06:03] status: nguynchtrai/floorplan-vlmdet-train has status "KernelWorkerStatus.RUNNING"
WAIT
[2026-09-23 10:11:04] status: nguynchtrai/floorplan-vlmdet-train has status "KernelWorkerStatus.RUNNING"
WAIT
[2026-09-23 10:16:04] status: nguynchtrai/floorplan-vlmdet-train has status "KernelWorkerStatus.RUNNING"
WAIT
[2026-09-23 10:21:04] status: nguynchtrai/floorplan-vlmdet-train has status "KernelWorkerStatus.RUNNING"
WAIT
[2026-09-23 10:26:03] status: nguynchtrai/floorplan-vlmdet-train has status "KernelWorkerStatus.RUNNING"
WAIT
[2026-09-23 10:31:04] status: nguynchtrai/floorplan-vlmdet-train has status "KernelWorkerStatus.RUNNING"
WAIT
[2026-09-23 10:36:04] status: nguynchtrai/floorplan-vlmdet-train has status "KernelWorkerStatus.RUNNING"
WAIT
[2026-09-23 10:41:04] status: nguynchtrai/floorplan-vlmdet-train has status "KernelWorkerStatus.RUNNING"
WAIT
[2026-09-23 10:46:03] status: nguynchtrai/floorplan-vlmdet-train has status "KernelWorkerStatus.RUNNING"
WAIT
[2026-09-23 10:51:03] status: nguynchtrai/floorplan-vlmdet-train has status "KernelWorkerStatus.RUNNING"
WAIT
[2026-09-23 10:56:04] status: nguynchtrai/floorplan-vlmdet-train has status "KernelWorkerStatus.RUNNING"
WAIT
[2026-09-23 11:01:04] status: nguynchtrai/floorplan-vlmdet-train has status "KernelWorkerStatus.RUNNING"
WAIT
[2026-09-23 11:06:04] status: nguynchtrai/floorplan-vlmdet-train has status "KernelWorkerStatus.RUNNING"
WAIT
[2026-09-23 11:11:04] status: nguynchtrai/floorplan-vlmdet-train has status "KernelWorkerStatus.RUNNING"
WAIT
[2026-09-23 11:16:03] status: nguynchtrai/floorplan-vlmdet-train has status "KernelWorkerStatus.RUNNING"
WAIT
[2026-09-23 11:21:03] status: nguynchtrai/floorplan-vlmdet-train has status "KernelWorkerStatus.RUNNING"
WAIT
[2026-09-23 11:26:04] status: nguynchtrai/floorplan-vlmdet-train has status "KernelWorkerStatus.RUNNING"
WAIT
[2026-09-23 11:31:04] status: nguynchtrai/floorplan-vlmdet-train has status "KernelWorkerStatus.RUNNING"
WAIT
[2026-09-23 11:36:04] status: nguynchtrai/floorplan-vlmdet-train has status "KernelWorkerStatus.RUNNING"
WAIT
[2026-09-23 11:41:04] status: nguynchtrai/floorplan-vlmdet-train has status "KernelWorkerStatus.RUNNING"
WAIT
[2026-09-23 11:46:03] status: nguynchtrai/floorplan-vlmdet-train has status "KernelWorkerStatus.RUNNING"
WAIT
[2026-09-23 11:51:05] status: nguynchtrai/floorplan-vlmdet-train has status "KernelWorkerStatus.RUNNING"
WAIT
[2026-09-23 11:56:04] status: nguynchtrai/floorplan-vlmdet-train has status "KernelWorkerStatus.RUNNING"
WAIT
[2026-09-23 12:01:04] status: nguynchtrai/floorplan-vlmdet-train has status "KernelWorkerStatus.RUNNING"
WAIT
[2026-09-23 12:06:03] status: nguynchtrai/floorplan-vlmdet-train has status "KernelWorkerStatus.RUNNING"
WAIT
[2026-09-23 12:11:04] status: nguynchtrai/floorplan-vlmdet-train has status "KernelWorkerStatus.RUNNING"
WAIT
[2026-09-23 12:16:04] status: nguynchtrai/floorplan-vlmdet-train has status "KernelWorkerStatus.RUNNING"
WAIT
[2026-09-23 12:21:05] status: nguynchtrai/floorplan-vlmdet-train has status "KernelWorkerStatus.RUNNING"
WAIT
[2026-09-23 12:26:04] status: nguynchtrai/floorplan-vlmdet-train has status "KernelWorkerStatus.RUNNING"
WAIT
[2026-09-23 12:31:03] status: nguynchtrai/floorplan-vlmdet-train has status "KernelWorkerStatus.RUNNING"
WAIT
[2026-09-23 12:36:03] status: nguynchtrai/floorplan-vlmdet-train has status "KernelWorkerStatus.RUNNING"
WAIT
[2026-09-23 12:41:04] status: nguynchtrai/floorplan-vlmdet-train has status "KernelWorkerStatus.RUNNING"
WAIT
[2026-09-23 12:46:04] status: nguynchtrai/floorplan-vlmdet-train has status "KernelWorkerStatus.RUNNING"
WAIT
[2026-09-23 12:51:04] status: nguynchtrai/floorplan-vlmdet-train has status "KernelWorkerStatus.RUNNING"
WAIT
[2026-09-23 12:56:04] status: nguynchtrai/floorplan-vlmdet-train has status "KernelWorkerStatus.RUNNING"
WAIT
[2026-09-23 13:01:04] status: nguynchtrai/floorplan-vlmdet-train has status "KernelWorkerStatus.RUNNING"
WAIT
[2026-09-23 13:06:04] status: nguynchtrai/floorplan-vlmdet-train has status "KernelWorkerStatus.RUNNING"
WAIT
[2026-09-23 13:11:04] status: nguynchtrai/floorplan-vlmdet-train has status "KernelWorkerStatus.COMPLETE"
[2026-09-23 13:11:04] COMPLETE -> downloading outputs
[2026-09-23 13:11:39] download rc=0
[2026-09-23 13:11:39] metrics lines: 29 -> see REPORT_METRICS.txt
[2026-09-23 13:11:39] research_loop(COMPLETE): evidence co 29 dong, 3 dong mAP.
EVID: variant=small params=25.33M
EVID: saved to /kaggle/working/runs/vlmdet_small3
EVID: wall         AP50(HBB-proxy)=0.125 npred=68513 ngt=13584
De nghi: so sanh VLMDet-small vs yolo11x cung dieu kien; neu cua hiem/junction hon >=2 diem -> CHOT D4 (base full 16k); nguoc lai -> D1/D2/D3 theo class loi nhat.
ANALYZED

DONE
[2026-09-23 13:16:04] status: nguynchtrai/floorplan-vlmdet-train has status "KernelWorkerStatus.COMPLETE"
WAIT
[2026-09-23 13:21:05] status: nguynchtrai/floorplan-vlmdet-train has status "KernelWorkerStatus.COMPLETE"
WAIT
[2026-09-23 13:26:03] status: nguynchtrai/floorplan-vlmdet-train has status "KernelWorkerStatus.COMPLETE"
WAIT
[2026-09-23 13:31:04] status: nguynchtrai/floorplan-vlmdet-train has status "KernelWorkerStatus.COMPLETE"
WAIT
[2026-09-23 13:36:04] status: nguynchtrai/floorplan-vlmdet-train has status "KernelWorkerStatus.COMPLETE"
WAIT
[2026-09-23 13:41:04] status: nguynchtrai/floorplan-vlmdet-train has status "KernelWorkerStatus.COMPLETE"
WAIT
[2026-09-23 13:45:08] status: nguynchtrai/floorplan-vlmdet-train has status "KernelWorkerStatus.COMPLETE"
[2026-09-23 13:45:08] COMPLETE -> downloading outputs
[2026-09-23 13:45:45] download rc=0
[2026-09-23 13:45:45] metrics lines: 29 -> see REPORT_METRICS.txt
[2026-09-23 13:45:45] research_loop(COMPLETE): evidence co 29 dong, 3 dong mAP.
EVID: variant=small params=25.33M
EVID: saved to /kaggle/working/runs/vlmdet_small3
EVID: wall         AP50(HBB-proxy)=0.125 npred=68513 ngt=13584
De nghi: so sanh VLMDet-small vs yolo11x cung dieu kien; neu cua hiem/junction hon >=2 diem -> CHOT D4 (base full 16k); nguoc lai -> D1/D2/D3 theo class loi nhat.
ANALYZED

[2026-09-24 09:06:46] status: nguynchtrai/floorplan-vlmdet-train has status "KernelWorkerStatus.COMPLETE"
[2026-09-24 09:06:46] COMPLETE -> downloading outputs
[2026-09-24 09:07:25] download rc=0
[2026-09-24 09:07:25] metrics lines: 28 -> see REPORT_METRICS.txt
[2026-09-24 09:07:25] research_loop(COMPLETE): evidence co 28 dong, 2 dong mAP.
EVID: variant=small ablate=noreason params=20.89M
EVID: wall         AP50(HBB-proxy)=0.115 npred=70515 ngt=13584
De nghi: so sanh VLMDet-small vs yolo11x cung dieu kien; neu cua hiem/junction hon >=2 diem -> CHOT D4 (base full 16k); nguoc lai -> D1/D2/D3 theo class loi nhat.
ANALYZED

[2026-09-24 14:12:21] status: nguynchtrai/floorplan-vlmdet-train has status "KernelWorkerStatus.COMPLETE"
[2026-09-24 14:12:21] COMPLETE -> downloading outputs
[2026-09-24 14:13:00] download rc=0
[2026-09-24 14:13:00] metrics lines: 29 -> see REPORT_METRICS.txt
[2026-09-24 14:13:00] research_loop(COMPLETE): evidence co 29 dong, 3 dong mAP.
EVID: variant=small ablate=None params=25.33M
EVID: saved to /kaggle/working/runs/vlmdet_small4
EVID: wall         AP50(HBB-proxy)=0.122 npred=71740 ngt=13584
De nghi: so sanh VLMDet-small vs yolo11x cung dieu kien; neu cua hiem/junction hon >=2 diem -> CHOT D4 (base full 16k); nguoc lai -> D1/D2/D3 theo class loi nhat.
ANALYZED

[2026-09-24 15:42:34] status: nguynchtrai/floorplan-vlmdet-train has status "KernelWorkerStatus.COMPLETE"
[2026-09-24 15:42:34] COMPLETE -> downloading outputs
[2026-09-24 15:42:44] download rc=0
[2026-09-24 15:42:44] metrics lines: 21 -> see REPORT_METRICS.txt
[2026-09-24 15:42:45] research_loop(COMPLETE): kaggle/input/floorplan-vlmdet-train/runs/vlmdet_small4/best.pt']
EVID: ### /kaggle/input/floorplan-vlmdet-train/runs/vlmdet_small4/best.pt
EVID: wall         AP50(HBB-proxy)=0.122 npred=74024 ngt=13584
EVID: wall         AP50(HBB-proxy)=0.122 npred=73631 ngt=13584
EVID: wall         AP50(HBB-proxy)=0.122 npred=72705 ngt=13584
De nghi: so sanh VLMDet-small vs yolo11x cung dieu kien; neu cua hiem/junction hon >=2 diem -> CHOT D4 (base full 16k); nguoc lai -> D1/D2/D3 theo class loi nhat.
ANALYZED

